{
  "total_results": 1,
  "items": [
    {
      "company_number": "06500244",
      "company_type": "ltd",
      "title": "BBC LIMITED",
      "company_status": "active",
      "date_of_creation": "2008-02-11",
      "address": {
        "premises": null,
        "address_line_1": "Boswell Cottage Main Street",
        "postal_code": "DN22 0AD",
        "locality": "Retford",
        "country": "England"
      },
      "officers": [
        {
          "name": "BOXALL, Sarah Victoria",
          "officer_role": "secretary",
          "appointed_on": "2008-02-11",
          "address": {
            "premises": "5",
            "address_line_1": "Cranford Close",
            "postal_code": "SW20 0DP",
            "locality": "London",
            "country": "England"
          }
        },
        {
          "name": "BRAY, Simon Anton",
          "officer_role": "director",
          "appointed_on": "2008-02-11",
          "address": {
            "premises": "5",
            "address_line_1": "Cranford Close",
            "postal_code": "SW20 0DP",
            "locality": "London",
            "country": "England"
          }
        }
      ]
    }
  ]
}